<?xml version="1.0" encoding="UTF-8"?>
<testsuites name="jest tests" tests="26" failures="1" errors="0" time="2.456">
  <testsuite name="API refreshToken" errors="0" failures="0" skipped="0" timestamp="2024-01-05T20:09:09" time="0.954" tests="3">
    <testcase classname="API refreshToken POST should return 401 if no cookie is provided" name="API refreshToken POST should return 401 if no cookie is provided" time="0.023">
    </testcase>
    <testcase classname="API refreshToken POST should return 401 if cookie is not valid" name="API refreshToken POST should return 401 if cookie is not valid" time="0.022">
    </testcase>
    <testcase classname="API refreshToken POST should return 200 if cookie is valid" name="API refreshToken POST should return 200 if cookie is valid" time="0.006">
    </testcase>
  </testsuite>
  <testsuite name="API createProject" errors="0" failures="0" skipped="0" timestamp="2024-01-05T20:09:09" time="0.987" tests="7">
    <testcase classname="API createProject POST should return 401 if no cookie is provided" name="API createProject POST should return 401 if no cookie is provided" time="0.034">
    </testcase>
    <testcase classname="API createProject POST should return 401 if no authorization header and no cookie is provided" name="API createProject POST should return 401 if no authorization header and no cookie is provided" time="0.003">
    </testcase>
    <testcase classname="API createProject POST should return 401 if cookie is not valid" name="API createProject POST should return 401 if cookie is not valid" time="0.003">
    </testcase>
    <testcase classname="API createProject POST should return 400 if no name is provided" name="API createProject POST should return 400 if no name is provided" time="0.016">
    </testcase>
    <testcase classname="API createProject POST should return 400 if no description is provided" name="API createProject POST should return 400 if no description is provided" time="0.007">
    </testcase>
    <testcase classname="API createProject POST should return 400 if there is a wrong parameter" name="API createProject POST should return 400 if there is a wrong parameter" time="0.006">
    </testcase>
    <testcase classname="API createProject POST should return 200 if name and description are provided" name="API createProject POST should return 200 if name and description are provided" time="0.006">
    </testcase>
  </testsuite>
  <testsuite name="API registerUser" errors="0" failures="1" skipped="0" timestamp="2024-01-05T20:09:09" time="0.983" tests="6">
    <testcase classname="API registerUser POST should return 400 if no email is provided" name="API registerUser POST should return 400 if no email is provided" time="0.03">
    </testcase>
    <testcase classname="API registerUser POST should return 400 if no password is provided" name="API registerUser POST should return 400 if no password is provided" time="0.026">
    </testcase>
    <testcase classname="API registerUser POST should return 400 if no username is provided" name="API registerUser POST should return 400 if no username is provided" time="0.004">
    </testcase>
    <testcase classname="API registerUser POST should return 409 if user with given username already exists" name="API registerUser POST should return 409 if user with given username already exists" time="0.011">
    </testcase>
    <testcase classname="API registerUser POST should return 409 if user with given email already exists" name="API registerUser POST should return 409 if user with given email already exists" time="0.007">
    </testcase>
    <testcase classname="API registerUser POST should return 200 if user is created" name="API registerUser POST should return 200 if user is created" time="0.005">
      <failure>Error: expected 200 &quot;OK&quot;, got 409 &quot;Conflict&quot;
    at Object.expect (/Users/aru/dev/private/as-wiki/server/test/auth/registerUser.test.js:81:8)
    at Promise.then.completed (/Users/aru/dev/private/as-wiki/server/node_modules/jest-circus/build/utils.js:298:28)
    at new Promise (&lt;anonymous&gt;)
    at callAsyncCircusFn (/Users/aru/dev/private/as-wiki/server/node_modules/jest-circus/build/utils.js:231:10)
    at _callCircusTest (/Users/aru/dev/private/as-wiki/server/node_modules/jest-circus/build/run.js:316:40)
    at processTicksAndRejections (node:internal/process/task_queues:95:5)
    at _runTest (/Users/aru/dev/private/as-wiki/server/node_modules/jest-circus/build/run.js:252:3)
    at _runTestsForDescribeBlock (/Users/aru/dev/private/as-wiki/server/node_modules/jest-circus/build/run.js:126:9)
    at _runTestsForDescribeBlock (/Users/aru/dev/private/as-wiki/server/node_modules/jest-circus/build/run.js:121:9)
    at run (/Users/aru/dev/private/as-wiki/server/node_modules/jest-circus/build/run.js:71:3)
    at runAndTransformResultsToJestFormat (/Users/aru/dev/private/as-wiki/server/node_modules/jest-circus/build/legacy-code-todo-rewrite/jestAdapterInit.js:122:21)
    at jestAdapter (/Users/aru/dev/private/as-wiki/server/node_modules/jest-circus/build/legacy-code-todo-rewrite/jestAdapter.js:79:19)
    at runTestInternal (/Users/aru/dev/private/as-wiki/server/node_modules/jest-runner/build/runTest.js:367:16)
    at runTest (/Users/aru/dev/private/as-wiki/server/node_modules/jest-runner/build/runTest.js:444:34)
    at Object.worker (/Users/aru/dev/private/as-wiki/server/node_modules/jest-runner/build/testWorker.js:106:12)
----
    at Test._assertStatus (/Users/aru/dev/private/as-wiki/server/node_modules/supertest/lib/test.js:252:14)
    at /Users/aru/dev/private/as-wiki/server/node_modules/supertest/lib/test.js:308:13
    at Test._assertFunction (/Users/aru/dev/private/as-wiki/server/node_modules/supertest/lib/test.js:285:13)
    at Test.assert (/Users/aru/dev/private/as-wiki/server/node_modules/supertest/lib/test.js:164:23)
    at Server.localAssert (/Users/aru/dev/private/as-wiki/server/node_modules/supertest/lib/test.js:120:14)
    at Object.onceWrapper (node:events:628:28)
    at Server.emit (node:events:514:28)
    at emitCloseNT (node:net:2148:8)
    at processTicksAndRejections (node:internal/process/task_queues:81:21)</failure>
    </testcase>
  </testsuite>
  <testsuite name="API updateProject" errors="0" failures="0" skipped="0" timestamp="2024-01-05T20:09:09" time="1.008" tests="5">
    <testcase classname="API updateProject PUT should return 401 if no cookie is provided" name="API updateProject PUT should return 401 if no cookie is provided" time="0.051">
    </testcase>
    <testcase classname="API updateProject PUT should return 401 if no authorization header and no cookie is provided" name="API updateProject PUT should return 401 if no authorization header and no cookie is provided" time="0.003">
    </testcase>
    <testcase classname="API updateProject PUT should return 401 if cookie is not valid" name="API updateProject PUT should return 401 if cookie is not valid" time="0.001">
    </testcase>
    <testcase classname="API updateProject PUT should return 400 if there is a wrong parameter" name="API updateProject PUT should return 400 if there is a wrong parameter" time="0.017">
    </testcase>
    <testcase classname="API updateProject PUT should return 200 if name and description are provided" name="API updateProject PUT should return 200 if name and description are provided" time="0.011">
    </testcase>
  </testsuite>
  <testsuite name="API loginUser" errors="0" failures="0" skipped="0" timestamp="2024-01-05T20:09:09" time="1.809" tests="5">
    <testcase classname="API loginUser POST should return 401 if username is empty" name="API loginUser POST should return 401 if username is empty" time="0.065">
    </testcase>
    <testcase classname="API loginUser POST should return 401 if password is empty" name="API loginUser POST should return 401 if password is empty" time="0.006">
    </testcase>
    <testcase classname="API loginUser POST should return 401 if password is different" name="API loginUser POST should return 401 if password is different" time="0.284">
    </testcase>
    <testcase classname="API loginUser POST should return 200 if credentials are good" name="API loginUser POST should return 200 if credentials are good" time="0.279">
    </testcase>
    <testcase classname="API loginUser POST should put a JWT token into a cookie" name="API loginUser POST should put a JWT token into a cookie" time="0.276">
    </testcase>
  </testsuite>
</testsuites>